RAM Allocation [bytes]
Variable                                                                          Address   Size
------------------------------------------------------------------------------------------------
TOP                                                                               0x0300       4
STA_VAL                                                                           0x0304       4

EEPROM Allocation [bytes]
Variable                                                                          Address   Size
------------------------------------------------------------------------------------------------

Register Allocation
Variable                                                                          Register  Size
------------------------------------------------------------------------------------------------

FLASH Allocation [words]
Function                                                                          Address   Size
------------------------------------------------------------------------------------------------
ext_int0_isr                                                                      0x0006C     38
main                                                                              0x00092     57
