RAM Allocation [bytes]
Variable                                                                          Address   Size
------------------------------------------------------------------------------------------------
Led_7Seg                                                                          0x0300      10

EEPROM Allocation [bytes]
Variable                                                                          Address   Size
------------------------------------------------------------------------------------------------

Register Allocation
Variable                                                                          Register  Size
------------------------------------------------------------------------------------------------
current_button_1                                                                  R4           1
previous_button_1                                                                 R3           1
current_button_2                                                                  R6           1
previous_button_2                                                                 R5           1
counter                                                                           R8           1

FLASH Allocation [words]
Function                                                                          Address   Size
------------------------------------------------------------------------------------------------
main                                                                              0x00070     59
